// Jest Snapshot v1, https://goo.gl/fbAQLP

exports[`<CardList /> expect to render CardList component 1`] = `
ShallowWrapper {
  Symbol(enzyme.__root__): [Circular],
  Symbol(enzyme.__unrendered__): <CardList
    kanjis={
      Array [
        Object {
          "character": "X",
          "id": 1,
          "kunyomi": Array [
            "ytyt",
            "fgfdgd",
          ],
          "meaning": Array [
            "blabla",
          ],
          "onyomi": Array [
            "ffdf",
            "fsdf",
          ],
        },
      ]
    }
  />,
  Symbol(enzyme.__renderer__): Object {
    "batchedUpdates": [Function],
    "getNode": [Function],
    "render": [Function],
    "simulateError": [Function],
    "simulateEvent": [Function],
    "unmount": [Function],
  },
  Symbol(enzyme.__node__): Object {
    "instance": null,
    "key": undefined,
    "nodeType": "host",
    "props": Object {
      "children": <div
        className="Cardlist__content m-fx-c-sh m-pd-xt"
      >
        <Card
          character="X"
          id={1}
          kunyomi={
            Array [
              "ytyt",
              "fgfdgd",
            ]
          }
          onyomi={
            Array [
              "ffdf",
              "fsdf",
            ]
          }
        />
      </div>,
      "className": "l-section l-section--simple",
    },
    "ref": null,
    "rendered": Object {
      "instance": null,
      "key": undefined,
      "nodeType": "host",
      "props": Object {
        "children": Array [
          <Card
            character="X"
            id={1}
            kunyomi={
              Array [
                "ytyt",
                "fgfdgd",
              ]
            }
            onyomi={
              Array [
                "ffdf",
                "fsdf",
              ]
            }
          />,
        ],
        "className": "Cardlist__content m-fx-c-sh m-pd-xt",
      },
      "ref": null,
      "rendered": Array [
        Object {
          "instance": null,
          "key": "0",
          "nodeType": "function",
          "props": Object {
            "character": "X",
            "id": 1,
            "kunyomi": Array [
              "ytyt",
              "fgfdgd",
            ],
            "meaning": undefined,
            "onyomi": Array [
              "ffdf",
              "fsdf",
            ],
          },
          "ref": null,
          "rendered": null,
          "type": [Function],
        },
      ],
      "type": "div",
    },
    "type": "section",
  },
  Symbol(enzyme.__nodes__): Array [
    Object {
      "instance": null,
      "key": undefined,
      "nodeType": "host",
      "props": Object {
        "children": <div
          className="Cardlist__content m-fx-c-sh m-pd-xt"
        >
          <Card
            character="X"
            id={1}
            kunyomi={
              Array [
                "ytyt",
                "fgfdgd",
              ]
            }
            onyomi={
              Array [
                "ffdf",
                "fsdf",
              ]
            }
          />
        </div>,
        "className": "l-section l-section--simple",
      },
      "ref": null,
      "rendered": Object {
        "instance": null,
        "key": undefined,
        "nodeType": "host",
        "props": Object {
          "children": Array [
            <Card
              character="X"
              id={1}
              kunyomi={
                Array [
                  "ytyt",
                  "fgfdgd",
                ]
              }
              onyomi={
                Array [
                  "ffdf",
                  "fsdf",
                ]
              }
            />,
          ],
          "className": "Cardlist__content m-fx-c-sh m-pd-xt",
        },
        "ref": null,
        "rendered": Array [
          Object {
            "instance": null,
            "key": "0",
            "nodeType": "function",
            "props": Object {
              "character": "X",
              "id": 1,
              "kunyomi": Array [
                "ytyt",
                "fgfdgd",
              ],
              "meaning": undefined,
              "onyomi": Array [
                "ffdf",
                "fsdf",
              ],
            },
            "ref": null,
            "rendered": null,
            "type": [Function],
          },
        ],
        "type": "div",
      },
      "type": "section",
    },
  ],
  Symbol(enzyme.__options__): Object {
    "adapter": ReactSixteenAdapter {
      "options": Object {
        "enableComponentDidUpdateOnSetState": true,
        "lifecycles": Object {
          "componentDidUpdate": Object {
            "onSetState": true,
          },
          "getDerivedStateFromProps": true,
          "getSnapshotBeforeUpdate": true,
          "setState": Object {
            "skipsComponentDidUpdateOnNullish": true,
          },
        },
      },
    },
  },
}
`;
