// Jest Snapshot v1, https://goo.gl/fbAQLP

exports[`<Card /> expect to render Card component 1`] = `
ShallowWrapper {
  Symbol(enzyme.__root__): [Circular],
  Symbol(enzyme.__unrendered__): <Card
    character=""
    id={1}
    kunyomi={Array []}
    meaning={Array []}
    onyomi={Array []}
  />,
  Symbol(enzyme.__renderer__): Object {
    "batchedUpdates": [Function],
    "getNode": [Function],
    "render": [Function],
    "simulateError": [Function],
    "simulateEvent": [Function],
    "unmount": [Function],
  },
  Symbol(enzyme.__node__): Object {
    "instance": null,
    "key": undefined,
    "nodeType": "host",
    "props": Object {
      "children": <div
        className="side m-fx-cl"
      >
        <div
          className="m-tx-c m-wt-700 m-tertiary"
        >
          <span />
        </div>
        <div
          className="side__header m-fx-cl-c-c m-tx-primary Kanji"
        >
          <span>
            
          </span>
        </div>
        <div
          className="side__footer m-fx-sh-c"
        >
          <div
            className="m-fx-cl m-tx-c m-bd-xt-t Lecture"
          >
            <div
              className="m-bd-xt-b m-primary"
            >
              KUN
            </div>
            <div
              className="m-fx-sh-c m-tx-primary"
            />
          </div>
          <div
            className="m-fx-cl m-tx-c m-bd-xt-t Lecture"
          >
            <div
              className="m-bd-xt-b m-secondary"
            >
              ON
            </div>
            <div
              className="m-fx-sh-c m-tx-secondary"
            />
          </div>
        </div>
      </div>,
      "className": "box m-bd-xt m-rd-xt m-mg-xt Card",
    },
    "ref": null,
    "rendered": Object {
      "instance": null,
      "key": undefined,
      "nodeType": "host",
      "props": Object {
        "children": Array [
          <div
            className="m-tx-c m-wt-700 m-tertiary"
          >
            <span />
          </div>,
          <div
            className="side__header m-fx-cl-c-c m-tx-primary Kanji"
          >
            <span>
              
            </span>
          </div>,
          <div
            className="side__footer m-fx-sh-c"
          >
            <div
              className="m-fx-cl m-tx-c m-bd-xt-t Lecture"
            >
              <div
                className="m-bd-xt-b m-primary"
              >
                KUN
              </div>
              <div
                className="m-fx-sh-c m-tx-primary"
              />
            </div>
            <div
              className="m-fx-cl m-tx-c m-bd-xt-t Lecture"
            >
              <div
                className="m-bd-xt-b m-secondary"
              >
                ON
              </div>
              <div
                className="m-fx-sh-c m-tx-secondary"
              />
            </div>
          </div>,
        ],
        "className": "side m-fx-cl",
      },
      "ref": null,
      "rendered": Array [
        Object {
          "instance": null,
          "key": undefined,
          "nodeType": "host",
          "props": Object {
            "children": <span />,
            "className": "m-tx-c m-wt-700 m-tertiary",
          },
          "ref": null,
          "rendered": Object {
            "instance": null,
            "key": undefined,
            "nodeType": "host",
            "props": Object {
              "children": Array [],
            },
            "ref": null,
            "rendered": Array [],
            "type": "span",
          },
          "type": "div",
        },
        Object {
          "instance": null,
          "key": undefined,
          "nodeType": "host",
          "props": Object {
            "children": <span>
              
            </span>,
            "className": "side__header m-fx-cl-c-c m-tx-primary Kanji",
          },
          "ref": null,
          "rendered": Object {
            "instance": null,
            "key": undefined,
            "nodeType": "host",
            "props": Object {
              "children": "",
            },
            "ref": null,
            "rendered": "",
            "type": "span",
          },
          "type": "div",
        },
        Object {
          "instance": null,
          "key": undefined,
          "nodeType": "host",
          "props": Object {
            "children": Array [
              <div
                className="m-fx-cl m-tx-c m-bd-xt-t Lecture"
              >
                <div
                  className="m-bd-xt-b m-primary"
                >
                  KUN
                </div>
                <div
                  className="m-fx-sh-c m-tx-primary"
                />
              </div>,
              <div
                className="m-fx-cl m-tx-c m-bd-xt-t Lecture"
              >
                <div
                  className="m-bd-xt-b m-secondary"
                >
                  ON
                </div>
                <div
                  className="m-fx-sh-c m-tx-secondary"
                />
              </div>,
            ],
            "className": "side__footer m-fx-sh-c",
          },
          "ref": null,
          "rendered": Array [
            Object {
              "instance": null,
              "key": undefined,
              "nodeType": "host",
              "props": Object {
                "children": Array [
                  <div
                    className="m-bd-xt-b m-primary"
                  >
                    KUN
                  </div>,
                  <div
                    className="m-fx-sh-c m-tx-primary"
                  />,
                ],
                "className": "m-fx-cl m-tx-c m-bd-xt-t Lecture",
              },
              "ref": null,
              "rendered": Array [
                Object {
                  "instance": null,
                  "key": undefined,
                  "nodeType": "host",
                  "props": Object {
                    "children": "KUN",
                    "className": "m-bd-xt-b m-primary",
                  },
                  "ref": null,
                  "rendered": "KUN",
                  "type": "div",
                },
                Object {
                  "instance": null,
                  "key": undefined,
                  "nodeType": "host",
                  "props": Object {
                    "children": Array [],
                    "className": "m-fx-sh-c m-tx-primary",
                  },
                  "ref": null,
                  "rendered": Array [],
                  "type": "div",
                },
              ],
              "type": "div",
            },
            Object {
              "instance": null,
              "key": undefined,
              "nodeType": "host",
              "props": Object {
                "children": Array [
                  <div
                    className="m-bd-xt-b m-secondary"
                  >
                    ON
                  </div>,
                  <div
                    className="m-fx-sh-c m-tx-secondary"
                  />,
                ],
                "className": "m-fx-cl m-tx-c m-bd-xt-t Lecture",
              },
              "ref": null,
              "rendered": Array [
                Object {
                  "instance": null,
                  "key": undefined,
                  "nodeType": "host",
                  "props": Object {
                    "children": "ON",
                    "className": "m-bd-xt-b m-secondary",
                  },
                  "ref": null,
                  "rendered": "ON",
                  "type": "div",
                },
                Object {
                  "instance": null,
                  "key": undefined,
                  "nodeType": "host",
                  "props": Object {
                    "children": Array [],
                    "className": "m-fx-sh-c m-tx-secondary",
                  },
                  "ref": null,
                  "rendered": Array [],
                  "type": "div",
                },
              ],
              "type": "div",
            },
          ],
          "type": "div",
        },
      ],
      "type": "div",
    },
    "type": "div",
  },
  Symbol(enzyme.__nodes__): Array [
    Object {
      "instance": null,
      "key": undefined,
      "nodeType": "host",
      "props": Object {
        "children": <div
          className="side m-fx-cl"
        >
          <div
            className="m-tx-c m-wt-700 m-tertiary"
          >
            <span />
          </div>
          <div
            className="side__header m-fx-cl-c-c m-tx-primary Kanji"
          >
            <span>
              
            </span>
          </div>
          <div
            className="side__footer m-fx-sh-c"
          >
            <div
              className="m-fx-cl m-tx-c m-bd-xt-t Lecture"
            >
              <div
                className="m-bd-xt-b m-primary"
              >
                KUN
              </div>
              <div
                className="m-fx-sh-c m-tx-primary"
              />
            </div>
            <div
              className="m-fx-cl m-tx-c m-bd-xt-t Lecture"
            >
              <div
                className="m-bd-xt-b m-secondary"
              >
                ON
              </div>
              <div
                className="m-fx-sh-c m-tx-secondary"
              />
            </div>
          </div>
        </div>,
        "className": "box m-bd-xt m-rd-xt m-mg-xt Card",
      },
      "ref": null,
      "rendered": Object {
        "instance": null,
        "key": undefined,
        "nodeType": "host",
        "props": Object {
          "children": Array [
            <div
              className="m-tx-c m-wt-700 m-tertiary"
            >
              <span />
            </div>,
            <div
              className="side__header m-fx-cl-c-c m-tx-primary Kanji"
            >
              <span>
                
              </span>
            </div>,
            <div
              className="side__footer m-fx-sh-c"
            >
              <div
                className="m-fx-cl m-tx-c m-bd-xt-t Lecture"
              >
                <div
                  className="m-bd-xt-b m-primary"
                >
                  KUN
                </div>
                <div
                  className="m-fx-sh-c m-tx-primary"
                />
              </div>
              <div
                className="m-fx-cl m-tx-c m-bd-xt-t Lecture"
              >
                <div
                  className="m-bd-xt-b m-secondary"
                >
                  ON
                </div>
                <div
                  className="m-fx-sh-c m-tx-secondary"
                />
              </div>
            </div>,
          ],
          "className": "side m-fx-cl",
        },
        "ref": null,
        "rendered": Array [
          Object {
            "instance": null,
            "key": undefined,
            "nodeType": "host",
            "props": Object {
              "children": <span />,
              "className": "m-tx-c m-wt-700 m-tertiary",
            },
            "ref": null,
            "rendered": Object {
              "instance": null,
              "key": undefined,
              "nodeType": "host",
              "props": Object {
                "children": Array [],
              },
              "ref": null,
              "rendered": Array [],
              "type": "span",
            },
            "type": "div",
          },
          Object {
            "instance": null,
            "key": undefined,
            "nodeType": "host",
            "props": Object {
              "children": <span>
                
              </span>,
              "className": "side__header m-fx-cl-c-c m-tx-primary Kanji",
            },
            "ref": null,
            "rendered": Object {
              "instance": null,
              "key": undefined,
              "nodeType": "host",
              "props": Object {
                "children": "",
              },
              "ref": null,
              "rendered": "",
              "type": "span",
            },
            "type": "div",
          },
          Object {
            "instance": null,
            "key": undefined,
            "nodeType": "host",
            "props": Object {
              "children": Array [
                <div
                  className="m-fx-cl m-tx-c m-bd-xt-t Lecture"
                >
                  <div
                    className="m-bd-xt-b m-primary"
                  >
                    KUN
                  </div>
                  <div
                    className="m-fx-sh-c m-tx-primary"
                  />
                </div>,
                <div
                  className="m-fx-cl m-tx-c m-bd-xt-t Lecture"
                >
                  <div
                    className="m-bd-xt-b m-secondary"
                  >
                    ON
                  </div>
                  <div
                    className="m-fx-sh-c m-tx-secondary"
                  />
                </div>,
              ],
              "className": "side__footer m-fx-sh-c",
            },
            "ref": null,
            "rendered": Array [
              Object {
                "instance": null,
                "key": undefined,
                "nodeType": "host",
                "props": Object {
                  "children": Array [
                    <div
                      className="m-bd-xt-b m-primary"
                    >
                      KUN
                    </div>,
                    <div
                      className="m-fx-sh-c m-tx-primary"
                    />,
                  ],
                  "className": "m-fx-cl m-tx-c m-bd-xt-t Lecture",
                },
                "ref": null,
                "rendered": Array [
                  Object {
                    "instance": null,
                    "key": undefined,
                    "nodeType": "host",
                    "props": Object {
                      "children": "KUN",
                      "className": "m-bd-xt-b m-primary",
                    },
                    "ref": null,
                    "rendered": "KUN",
                    "type": "div",
                  },
                  Object {
                    "instance": null,
                    "key": undefined,
                    "nodeType": "host",
                    "props": Object {
                      "children": Array [],
                      "className": "m-fx-sh-c m-tx-primary",
                    },
                    "ref": null,
                    "rendered": Array [],
                    "type": "div",
                  },
                ],
                "type": "div",
              },
              Object {
                "instance": null,
                "key": undefined,
                "nodeType": "host",
                "props": Object {
                  "children": Array [
                    <div
                      className="m-bd-xt-b m-secondary"
                    >
                      ON
                    </div>,
                    <div
                      className="m-fx-sh-c m-tx-secondary"
                    />,
                  ],
                  "className": "m-fx-cl m-tx-c m-bd-xt-t Lecture",
                },
                "ref": null,
                "rendered": Array [
                  Object {
                    "instance": null,
                    "key": undefined,
                    "nodeType": "host",
                    "props": Object {
                      "children": "ON",
                      "className": "m-bd-xt-b m-secondary",
                    },
                    "ref": null,
                    "rendered": "ON",
                    "type": "div",
                  },
                  Object {
                    "instance": null,
                    "key": undefined,
                    "nodeType": "host",
                    "props": Object {
                      "children": Array [],
                      "className": "m-fx-sh-c m-tx-secondary",
                    },
                    "ref": null,
                    "rendered": Array [],
                    "type": "div",
                  },
                ],
                "type": "div",
              },
            ],
            "type": "div",
          },
        ],
        "type": "div",
      },
      "type": "div",
    },
  ],
  Symbol(enzyme.__options__): Object {
    "adapter": ReactSixteenAdapter {
      "options": Object {
        "enableComponentDidUpdateOnSetState": true,
        "lifecycles": Object {
          "componentDidUpdate": Object {
            "onSetState": true,
          },
          "getDerivedStateFromProps": true,
          "getSnapshotBeforeUpdate": true,
          "setState": Object {
            "skipsComponentDidUpdateOnNullish": true,
          },
        },
      },
    },
  },
}
`;
